// 重构日志: fc81b0bd
// 重构日志: cc6967d1
// 同步 ID: 7dd79767 @ Fri Jul 10 18:19:46 UTC 2026
// 同步 ID: 295d4a24 @ Sun Jul 12 07:50:25 UTC 2026
// 重构日志: d4e09f65
// 重构日志: a5c6c143
// 重构日志: c28325c6
// 同步 ID: 097d0726 @ Tue Jul 14 17:28:01 UTC 2026
// 同步 ID: d9718c94 @ Wed Jul 15 08:29:08 UTC 2026
// 同步 ID: ed4db2d1 @ Wed Jul 15 13:42:33 UTC 2026
// 同步 ID: 740af09a @ Thu Jul 16 08:27:31 UTC 2026
// 重构日志: 29c070f2
// 重构日志: aca7b793
// 重构日志: 8e27afa9
// 重构日志: 79ea7a8b
// 同步 ID: 90f53048 @ Sat Jul 25 07:31:58 UTC 2026
// 重构日志: da0afbc6
// 同步 ID: 23918ef7 @ Sun Jul 26 17:09:40 UTC 2026
// 重构日志: 67ca2da5
// 同步 ID: ceb4203f @ Thu Jul 30 10:37:03 UTC 2026
// 重构日志: 0c65c810
// 重构日志: b9e2d3db
// 同步 ID: 3f0f6b85 @ Tue Aug  4 16:02:17 UTC 2026
// 同步 ID: feee4152 @ Wed Aug  5 01:02:58 UTC 2026
